<collection><Money_spent>2599</Money_spent><expense_avg_cost>27.648936170213</expense_avg_cost><total_expenses>94</total_expenses></collection>